2026-07-19 21:46:59 : Cleanup started.
2026-07-19 21:47:00 : Directory : .
2026-07-19 21:47:00 : Retention : 7 Days
2026-07-19 21:47:00 : Mode : dry-run
2026-07-19 21:47:05 : No files found.
2026-07-19 21:47:29 : Cleanup started.
2026-07-19 21:47:29 : Directory : .
2026-07-19 21:47:29 : Retention : 7 Days
2026-07-19 21:47:30 : Mode : archive
2026-07-19 21:47:30 : No files found.
2026-07-19 21:48:56 : Cleanup started.
2026-07-19 21:48:56 : Directory : .
2026-07-19 21:48:56 : Retention : 7 Days
2026-07-19 21:48:56 : Mode : delete
2026-07-19 21:48:57 : No files found.
2026-07-19 21:49:03 : Cleanup started.
2026-07-19 21:49:03 : Directory : .
2026-07-19 21:49:03 : Retention : 7 Days
2026-07-19 21:49:04 : Mode : dry-run
2026-07-19 21:49:04 : No files found.
2026-07-19 21:54:20 : Cleanup started.
2026-07-19 21:54:20 : Directory : .
2026-07-19 21:54:21 : Retention : 7 Days
2026-07-19 21:54:21 : Mode : dry-run
2026-07-19 21:54:21 : No files found.
2026-07-19 21:54:45 : Cleanup started.
2026-07-19 21:54:45 : Directory : .
2026-07-19 21:54:45 : Retention : 7 Days
2026-07-19 21:54:45 : Mode : archive
2026-07-19 21:54:46 : No files found.
2026-07-19 21:55:11 : Cleanup started.
2026-07-19 21:55:11 : Directory : .
2026-07-19 21:55:12 : Retention : 7 Days
2026-07-19 21:55:12 : Mode : dry-run
2026-07-19 21:55:12 : No files found.
2026-07-19 21:55:52 : Cleanup started.
2026-07-19 21:55:53 : Directory : .
2026-07-19 21:55:53 : Retention : 7 Days
2026-07-19 21:55:53 : Mode : dry-run
2026-07-19 21:55:54 : No files found.
2026-07-19 22:22:20 : Cleanup started.
2026-07-19 22:22:20 : Directory : logs
2026-07-19 22:22:20 : Retention : 0 Days
2026-07-19 22:22:20 : Mode : dry-run
2026-07-19 22:22:21 : Dry run completed.
2026-07-19 22:22:21 : Cleanup completed.
2026-07-19 22:22:38 : Cleanup started.
2026-07-19 22:22:38 : Directory : logs
2026-07-19 22:22:38 : Retention : 0 Days
2026-07-19 22:22:39 : Mode : archive
2026-07-19 22:22:41 : Files archived.
2026-07-19 22:22:41 : Cleanup completed.
2026-07-20 12:20:55 : Cleanup started.
2026-07-20 12:20:55 : Directory : .
2026-07-20 12:20:55 : Retention : 7 Days
2026-07-20 12:20:55 : Mode : dry-run
2026-07-20 12:20:58 : No files found.
2026-07-20 12:21:13 : Cleanup started.
2026-07-20 12:21:13 : Directory : .
2026-07-20 12:21:14 : Retention : 0 Days
2026-07-20 12:21:14 : Mode : dry-run
2026-07-20 12:21:15 : Dry run completed.
2026-07-20 12:21:15 : Cleanup completed.
2026-07-20 12:23:24 : Cleanup started.
2026-07-20 12:23:24 : Directory : logs/
2026-07-20 12:23:25 : Retention : 0 Days
2026-07-20 12:23:25 : Mode : archive
2026-07-20 12:23:27 : Files archived.
2026-07-20 12:23:27 : Cleanup completed.
2026-07-31 13:13:45 : ==================================================
2026-07-31 13:13:45 : Execution Started
2026-07-31 13:13:45 : Directory : logs/archive/
2026-07-31 13:13:45 : Retention : 0 Days
2026-07-31 13:13:46 : Mode : dry-run
2026-07-31 13:13:49 : Files Identified : 3
2026-07-31 13:13:50 : Action Performed : Dry Run
2026-07-31 13:13:50 : Files Listed : 3
2026-07-31 13:13:50 : Execution Completed
2026-07-31 13:13:50 : Exit Code : 0
2026-07-31 13:13:51 : ==================================================
2026-07-31 14:13:35 : ==================================================
2026-07-31 14:13:35 : Execution Started
2026-07-31 14:13:36 : Directory : logs
2026-07-31 14:13:36 : Retention : 0 Days
2026-07-31 14:13:36 : Mode : dry-run
2026-07-31 14:13:37 : Files Identified : 3
2026-07-31 14:13:37 : Action Performed : Dry Run
2026-07-31 14:13:37 : Files Listed : 3
2026-07-31 14:13:37 : Execution Completed
2026-07-31 14:13:37 : Exit Code : 0
2026-07-31 14:13:38 : ==================================================
2026-07-31 14:16:23 : ==================================================
2026-07-31 14:16:23 : Execution Started
2026-07-31 14:16:24 : Directory : logs/archive
2026-07-31 14:16:24 : Retention : 0 Days
2026-07-31 14:16:24 : Mode : archive
2026-07-31 14:16:25 : Files Identified : 3
2026-07-31 14:16:26 : Archiving : logs/archive/app1.log
2026-07-31 14:16:26 : Archiving : logs/archive/app2.log
2026-07-31 14:16:27 : Archiving : logs/archive/error.log
2026-07-31 14:16:27 : Action Performed : Archive
2026-07-31 14:16:27 : Archive Directory : logs/archive/archive
2026-07-31 14:16:27 : Files Archived : 3
2026-07-31 14:16:28 : Execution Completed
2026-07-31 14:16:28 : Exit Code : 4
2026-07-31 14:16:28 : ==================================================
2026-07-31 14:17:23 : ==================================================
2026-07-31 14:17:24 : Execution Started
2026-07-31 14:17:24 : Directory : logs/archive/archive
2026-07-31 14:17:24 : Retention : 0 Days
2026-07-31 14:17:24 : Mode : delete
2026-07-31 14:17:25 : Files Identified : 3
2026-07-31 14:17:31 : Deleting : logs/archive/archive/app1.log
2026-07-31 14:17:31 : Deleting : logs/archive/archive/app2.log
2026-07-31 14:17:31 : Deleting : logs/archive/archive/error.log
2026-07-31 14:17:32 : Action Performed : Delete
2026-07-31 14:17:32 : Files Deleted : 3
2026-07-31 14:17:32 : Execution Completed
2026-07-31 14:17:32 : Exit Code : 4
2026-07-31 14:17:33 : ==================================================
2026-07-31 14:36:26 : ==================================================
2026-07-31 14:36:26 : Execution Started
2026-07-31 14:36:27 : Directory : logs
2026-07-31 14:36:27 : Retention : 0 Days
2026-07-31 14:36:27 : Mode : dry-run
2026-07-31 14:36:28 : No log files matched the selection criteria.
2026-07-31 14:36:28 : Execution Completed
2026-07-31 14:36:28 : Exit Code : 0
2026-07-31 14:36:28 : ==================================================
2026-07-31 15:01:41 : ==================================================
2026-07-31 15:01:41 : Execution Started
2026-07-31 15:01:42 : Directory : logs/archive
2026-07-31 15:01:42 : Retention : 0 Days
2026-07-31 15:01:42 : Mode : archive
2026-07-31 15:01:43 : No log files matched the selection criteria.
2026-07-31 15:01:43 : Execution Completed
2026-07-31 15:01:44 : Exit Code : 0
2026-07-31 15:01:44 : ==================================================
2026-07-31 15:02:53 : ==================================================
2026-07-31 15:02:53 : Execution Started
2026-07-31 15:02:54 : Directory : logs/archive
2026-07-31 15:02:54 : Retention : 0 Days
2026-07-31 15:02:54 : Mode : archive
2026-07-31 15:02:55 : Files Identified : 2
2026-07-31 15:02:56 : Archiving : logs/archive/app.log
2026-07-31 15:02:56 : Archiving : logs/archive/sample.log
2026-07-31 15:02:57 : Action Performed : Archive
2026-07-31 15:02:57 : Archive Directory : logs/archive/archive
2026-07-31 15:02:57 : Files Archived : 2
2026-07-31 15:02:57 : Execution Completed
2026-07-31 15:02:58 : Exit Code : 4
2026-07-31 15:02:58 : ==================================================
2026-08-07 15:12:47 : ==================================================
2026-08-07 15:12:47 : Execution Started
2026-08-07 15:12:48 : Directory : logs
2026-08-07 15:12:48 : Retention : 0 Days
2026-08-07 15:12:48 : Mode : delete
2026-08-07 15:12:50 : Files Identified : 2
2026-08-07 15:12:59 : Deleting : logs/app.log
2026-08-07 15:13:00 : Deleting : logs/sample.log
2026-08-07 15:13:01 : Action Performed : Delete
2026-08-07 15:13:01 : Files Deleted : 2
2026-08-07 15:13:01 : Execution Completed
2026-08-07 15:13:01 : Exit Code : 4
2026-08-07 15:13:02 : ==================================================
