2026-07-20 11:29:33 : Monitoring started.
2026-07-20 11:29:34 : File : application.log
2026-07-20 11:29:34 : Pattern : ERROR
2026-07-20 11:29:35 : Matches : 2
2026-07-20 11:29:35 : Monitoring completed.
2026-07-20 11:29:57 : Monitoring started.
2026-07-20 11:29:58 : File : application.log
2026-07-20 11:29:58 : Pattern : Exception
2026-07-20 11:29:58 : Matches : 1
2026-07-20 11:29:59 : Monitoring completed.
2026-07-20 12:25:22 : Monitoring started.
2026-07-20 12:25:22 : File : application.log
2026-07-20 12:25:23 : Pattern : ERROR
2026-07-20 12:25:23 : Matches : 2
2026-07-20 12:25:24 : Monitoring completed.
2026-07-31 14:21:34 : ==================================================
2026-07-31 14:21:34 : Execution Started
2026-07-31 14:21:34 : Input File : application.log
2026-07-31 14:21:34 : Pattern : ERROR
2026-07-31 14:21:35 : Status : Matches Found
2026-07-31 14:21:35 : Total Matches : 2
2026-07-31 14:21:35 : Execution Completed
2026-07-31 14:21:35 : Exit Code : 0
2026-07-31 14:21:36 : ==================================================
2026-07-31 15:06:14 : ==================================================
2026-07-31 15:06:15 : Execution Started
2026-07-31 15:06:15 : Input File : application.log
2026-07-31 15:06:15 : Pattern : ERROR
2026-07-31 15:06:16 : Status : Matches Found
2026-07-31 15:06:16 : Total Matches : 2
2026-07-31 15:06:16 : Execution Completed
2026-07-31 15:06:16 : Exit Code : 0
2026-07-31 15:06:17 : ==================================================
2026-08-07 15:31:45 : ==================================================
2026-08-07 15:31:45 : Execution Started
2026-08-07 15:31:46 : Input File : logs/app_test.log
2026-08-07 15:31:46 : Pattern : CRITICAL
2026-08-07 15:31:47 : Status : No Matches Found
2026-08-07 15:31:47 : Execution Completed
2026-08-07 15:31:47 : Exit Code : 4
2026-08-07 15:31:48 : ==================================================
