2026-07-20 11:40:11 : Checking process : bash
2026-07-20 11:40:18 : Process running.
2026-07-20 11:40:18 : Process check completed.
2026-07-20 11:40:45 : Checking process : git
2026-07-20 11:40:46 : Process running.
2026-07-20 11:40:46 : Process check completed.
2026-07-20 11:41:01 : Checking process : xyz123
2026-07-20 11:41:01 : Process running.
2026-07-20 11:41:02 : Process check completed.
2026-07-20 11:59:19 : Checking process : xyz123
2026-07-20 11:59:20 : Process not running.
2026-07-20 11:59:21 : Process check completed.
2026-07-20 11:59:29 : Checking process : git
2026-07-20 11:59:30 : Process running.
2026-07-20 11:59:31 : Process check completed.
2026-07-20 11:59:49 : Checking process : bash
2026-07-20 11:59:50 : Process running.
2026-07-20 11:59:50 : Process check completed.
2026-07-20 12:26:06 : Checking process : git
2026-07-20 12:26:07 : Process running.
2026-07-20 12:26:07 : Process check completed.
2026-07-20 12:26:17 : Checking process : xyz
2026-07-20 12:26:17 : Process not running.
2026-07-20 12:26:18 : Process check completed.
2026-07-31 14:19:12 : ==================================================
2026-07-31 14:19:12 : Execution Started
2026-07-31 14:19:12 : Process Name : bash
2026-07-31 14:19:14 : Status : RUNNING
2026-07-31 14:19:14 : Matching Process Found
2026-07-31 14:19:14 : Execution Completed
2026-07-31 14:19:15 : Exit Code : 0
2026-07-31 14:19:15 : ==================================================
2026-07-31 14:20:01 : ==================================================
2026-07-31 14:20:01 : Execution Started
2026-07-31 14:20:02 : Process Name : abcprocess
2026-07-31 14:20:03 : Status : NOT RUNNING
2026-07-31 14:20:03 : Execution Completed
2026-07-31 14:20:03 : Exit Code : 3
2026-07-31 14:20:03 : ==================================================
2026-07-31 15:04:31 : ==================================================
2026-07-31 15:04:31 : Execution Started
2026-07-31 15:04:31 : Process Name : bash
2026-07-31 15:04:32 : Status : RUNNING
2026-07-31 15:04:33 : Matching Process Found
2026-07-31 15:04:33 : Execution Completed
2026-07-31 15:04:33 : Exit Code : 0
2026-07-31 15:04:33 : ==================================================
2026-07-31 15:05:07 : ==================================================
2026-07-31 15:05:08 : Execution Started
2026-07-31 15:05:08 : Process Name : baaas
2026-07-31 15:05:09 : Status : NOT RUNNING
2026-07-31 15:05:09 : Execution Completed
2026-07-31 15:05:09 : Exit Code : 3
2026-07-31 15:05:09 : ==================================================
